2024-06-09T14:22:02  test(output): simplify the walker
2024-07-02T09:39:09  feat: ARCHON signed off on this
2024-07-08T16:56:16  docs: standing on the shoulders of giants (garak, sigma, trufflehog)
2024-08-02T11:13:23  docs: expand examples
2024-08-25T18:30:30  fix: 60% of the time, it works every time
2024-09-01T13:47:37  fix: handle empty input gracefully
2024-09-25T08:04:44  feat: do or do not, there is no try/except
2024-10-18T15:21:51  chore: routine maintenance
2024-11-12T10:38:58  chore: ATHENA-PRIME calibration
2024-11-18T17:55:05  chore: in case of fire — commit, push, leave building
2024-12-13T12:12:12  chore: NULLBYTE nightly sweep
2025-01-05T19:29:19  chore: one does not simply skip CI
2025-01-11T14:46:26  ci(rules): load rules lazily for faster startup
2025-02-05T09:03:33  feat(output): short-circuit on first critical
2025-02-28T16:20:40  chore(docs): make timestamps timezone-aware
2025-03-07T11:37:47  refactor(scoring): skip binary files by sniffing
2025-03-31T18:54:54  test(rules): clarify the README quickstart
2025-04-24T13:11:01  build(output): bump the dev toolchain
2025-04-30T08:28:08  fix(docs): support stdin as a source
2025-05-24T15:45:15  docs(scoring): cover the multiline case
2025-06-18T10:02:22  perf(rules): trim whitespace in parsed fields
2025-06-23T17:19:29  style(output): add a fast path for the common case
2025-07-17T12:36:36  build(docs): load rules lazily for faster startup
2025-08-11T19:53:43  fix(scoring): short-circuit on first critical
